Configuration on demand is an incubating feature.
Type-safe project accessors is an incubating feature.
> Task :buildSrc:checkKotlinGradlePluginConfigurationErrors SKIPPED
> Task :buildSrc:generateExternalPluginSpecBuilders UP-TO-DATE
> Task :buildSrc:extractPrecompiledScriptPluginPlugins UP-TO-DATE
> Task :buildSrc:compilePluginsBlocks UP-TO-DATE
> Task :buildSrc:generatePrecompiledScriptPluginAccessors UP-TO-DATE
> Task :buildSrc:generateScriptPluginAdapters UP-TO-DATE
> Task :buildSrc:compileKotlin UP-TO-DATE
> Task :buildSrc:compileJava NO-SOURCE
> Task :buildSrc:compileGroovy NO-SOURCE
> Task :buildSrc:pluginDescriptors UP-TO-DATE
> Task :buildSrc:processResources UP-TO-DATE
> Task :buildSrc:classes UP-TO-DATE
> Task :buildSrc:jar UP-TO-DATE
> Task :app:preBuild UP-TO-DATE
> Task :app:preDebugBuild UP-TO-DATE
> Task :i18n-aniyomi:generateLocalesConfig UP-TO-DATE
> Task :core-metadata:preBuild UP-TO-DATE
> Task :presentation-widget:preBuild UP-TO-DATE
> Task :source-local:preBuild UP-TO-DATE
> Task :core-metadata:preDebugBuild UP-TO-DATE
> Task :presentation-widget:preDebugBuild UP-TO-DATE
> Task :source-api:preBuild UP-TO-DATE
> Task :i18n:generateLocalesConfig UP-TO-DATE
> Task :domain:preBuild UP-TO-DATE
> Task :core:common:preBuild UP-TO-DATE
> Task :core:archive:preBuild UP-TO-DATE
> Task :data:preBuild UP-TO-DATE
> Task :presentation-core:preBuild UP-TO-DATE
> Task :presentation-core:preDebugBuild UP-TO-DATE
> Task :source-api:preDebugBuild UP-TO-DATE
> Task :domain:preDebugBuild UP-TO-DATE
> Task :core-metadata:generateDebugResValues UP-TO-DATE
> Task :core:archive:preDebugBuild UP-TO-DATE
> Task :presentation-widget:generateDebugResValues UP-TO-DATE
> Task :presentation-core:generateDebugResValues UP-TO-DATE
> Task :app:mergeDebugNativeDebugMetadata NO-SOURCE
> Task :source-local:preDebugBuild UP-TO-DATE
> Task :domain:generateDebugResValues UP-TO-DATE
> Task :app:checkKotlinGradlePluginConfigurationErrors SKIPPED
> Task :core:common:preDebugBuild UP-TO-DATE
> Task :data:preDebugBuild UP-TO-DATE
> Task :presentation-widget:generateDebugResources UP-TO-DATE
> Task :presentation-core:generateDebugResources UP-TO-DATE
> Task :core-metadata:generateDebugResources UP-TO-DATE
> Task :domain:generateDebugResources UP-TO-DATE
> Task :i18n:generateMRcommonMain UP-TO-DATE
> Task :data:generateDebugResValues UP-TO-DATE
> Task :source-api:generateDebugResValues UP-TO-DATE
> Task :i18n-aniyomi:generateMRcommonMain UP-TO-DATE
> Task :i18n:generateMRandroidDebug SKIPPED
> Task :i18n-aniyomi:generateMRandroidDebug SKIPPED
> Task :presentation-widget:packageDebugResources UP-TO-DATE
> Task :presentation-core:packageDebugResources UP-TO-DATE
> Task :i18n:generateMRandroidInstrumentedTest UP-TO-DATE
> Task :core:common:generateDebugResValues UP-TO-DATE
> Task :i18n-aniyomi:generateMRandroidInstrumentedTest UP-TO-DATE
> Task :i18n:generateMRandroidInstrumentedTestDebug SKIPPED
> Task :i18n-aniyomi:generateMRandroidInstrumentedTestDebug SKIPPED
> Task :core:common:generateDebugResources UP-TO-DATE
> Task :i18n:generateMRandroidMain UP-TO-DATE
> Task :i18n-aniyomi:generateMRandroidMain UP-TO-DATE
> Task :core:common:packageDebugResources UP-TO-DATE
> Task :i18n:generateMRandroidRelease SKIPPED
> Task :i18n-aniyomi:generateMRandroidRelease SKIPPED
> Task :i18n:generateMRcommonTest UP-TO-DATE
> Task :i18n-aniyomi:generateMRcommonTest UP-TO-DATE
> Task :i18n:generateMRandroidUnitTest UP-TO-DATE
> Task :i18n-aniyomi:generateMRandroidUnitTest UP-TO-DATE
> Task :i18n:generateMRandroidUnitTestDebug SKIPPED
> Task :i18n-aniyomi:generateMRandroidUnitTestDebug SKIPPED
> Task :i18n:generateMRandroidUnitTestRelease SKIPPED
> Task :i18n-aniyomi:generateMRandroidUnitTestRelease SKIPPED
> Task :i18n:preBuild UP-TO-DATE
> Task :i18n-aniyomi:preBuild UP-TO-DATE
> Task :i18n:preDebugBuild UP-TO-DATE
> Task :i18n-aniyomi:preDebugBuild UP-TO-DATE
> Task :i18n:generateDebugResValues UP-TO-DATE
> Task :i18n-aniyomi:generateDebugResValues UP-TO-DATE
> Task :core-metadata:packageDebugResources UP-TO-DATE
> Task :presentation-core:writeDebugAarMetadata UP-TO-DATE
> Task :i18n:generateDebugResources UP-TO-DATE
> Task :i18n:packageDebugResources UP-TO-DATE
> Task :core:archive:generateDebugResValues UP-TO-DATE
> Task :source-api:generateDebugResources UP-TO-DATE
> Task :core:archive:generateDebugResources UP-TO-DATE
> Task :i18n-aniyomi:generateDebugResources UP-TO-DATE
> Task :source-api:packageDebugResources UP-TO-DATE
> Task :core:archive:packageDebugResources UP-TO-DATE
> Task :i18n-aniyomi:packageDebugResources UP-TO-DATE
> Task :core-metadata:writeDebugAarMetadata UP-TO-DATE
> Task :core-metadata:extractDeepLinksDebug UP-TO-DATE
> Task :core-metadata:processDebugManifest UP-TO-DATE
> Task :presentation-core:extractDeepLinksDebug UP-TO-DATE
> Task :presentation-core:processDebugManifest UP-TO-DATE
> Task :core-metadata:compileDebugLibraryResources UP-TO-DATE
> Task :core-metadata:parseDebugLocalResources UP-TO-DATE
> Task :presentation-core:compileDebugLibraryResources UP-TO-DATE
> Task :presentation-core:parseDebugLocalResources UP-TO-DATE
> Task :core-metadata:checkKotlinGradlePluginConfigurationErrors SKIPPED
> Task :core-metadata:javaPreCompileDebug UP-TO-DATE
> Task :presentation-core:checkKotlinGradlePluginConfigurationErrors SKIPPED
> Task :presentation-core:javaPreCompileDebug UP-TO-DATE
> Task :core-metadata:mergeDebugShaders UP-TO-DATE
> Task :core-metadata:compileDebugShaders NO-SOURCE
> Task :core-metadata:generateDebugAssets UP-TO-DATE
> Task :source-local:generateDebugResValues UP-TO-DATE
> Task :core-metadata:mergeDebugAssets UP-TO-DATE
> Task :source-local:generateDebugResources UP-TO-DATE
> Task :presentation-core:mergeDebugShaders UP-TO-DATE
> Task :presentation-core:compileDebugShaders NO-SOURCE
> Task :presentation-core:generateDebugAssets UP-TO-DATE
> Task :presentation-core:mergeDebugAssets UP-TO-DATE
> Task :core:common:writeDebugAarMetadata UP-TO-DATE
> Task :core:archive:writeDebugAarMetadata UP-TO-DATE
> Task :i18n-aniyomi:writeDebugAarMetadata UP-TO-DATE
> Task :core-metadata:mergeDebugJniLibFolders UP-TO-DATE
> Task :core-metadata:mergeDebugNativeLibs NO-SOURCE
> Task :presentation-widget:writeDebugAarMetadata UP-TO-DATE
> Task :data:generateDebugResources UP-TO-DATE
> Task :presentation-core:mergeDebugJniLibFolders UP-TO-DATE
> Task :core:common:extractDeepLinksDebug UP-TO-DATE
> Task :source-local:packageDebugResources UP-TO-DATE
> Task :core:archive:extractDeepLinksDebug UP-TO-DATE
> Task :presentation-core:mergeDebugNativeLibs NO-SOURCE
> Task :i18n-aniyomi:extractDeepLinksDebug UP-TO-DATE
> Task :core-metadata:copyDebugJniLibsProjectOnly UP-TO-DATE
> Task :core-metadata:stripDebugDebugSymbols NO-SOURCE
> Task :presentation-widget:extractDeepLinksDebug UP-TO-DATE
> Task :i18n:writeDebugAarMetadata UP-TO-DATE
> Task :presentation-core:copyDebugJniLibsProjectOnly UP-TO-DATE
> Task :presentation-core:stripDebugDebugSymbols NO-SOURCE
> Task :core-metadata:copyDebugJniLibsProjectAndLocalJars UP-TO-DATE
> Task :core-metadata:extractDeepLinksForAarDebug UP-TO-DATE
> Task :i18n:extractDeepLinksDebug UP-TO-DATE
> Task :core-metadata:prepareDebugArtProfile UP-TO-DATE
> Task :presentation-core:copyDebugJniLibsProjectAndLocalJars UP-TO-DATE
> Task :source-api:writeDebugAarMetadata UP-TO-DATE
> Task :core-metadata:prepareLintJarForPublish UP-TO-DATE
> Task :presentation-core:extractDeepLinksForAarDebug UP-TO-DATE
> Task :source-api:extractDeepLinksDebug UP-TO-DATE
> Task :domain:packageDebugResources UP-TO-DATE
> Task :core:archive:processDebugManifest UP-TO-DATE
> Task :core:common:processDebugManifest UP-TO-DATE
> Task :data:packageDebugResources UP-TO-DATE
> Task :i18n-aniyomi:processDebugManifest UP-TO-DATE
> Task :presentation-core:prepareDebugArtProfile UP-TO-DATE
> Task :presentation-widget:processDebugManifest UP-TO-DATE
> Task :presentation-core:prepareLintJarForPublish UP-TO-DATE
> Task :presentation-widget:compileDebugLibraryResources UP-TO-DATE
> Task :i18n:processDebugManifest UP-TO-DATE
> Task :i18n-aniyomi:compileDebugLibraryResources UP-TO-DATE
> Task :source-api:processDebugManifest UP-TO-DATE
> Task :core:common:parseDebugLocalResources UP-TO-DATE
> Task :core:archive:parseDebugLocalResources UP-TO-DATE
> Task :core:common:compileDebugLibraryResources UP-TO-DATE
> Task :core:common:checkKotlinGradlePluginConfigurationErrors SKIPPED
> Task :core:common:javaPreCompileDebug UP-TO-DATE
> Task :core:common:mergeDebugShaders UP-TO-DATE
> Task :core:common:compileDebugShaders NO-SOURCE
> Task :core:common:generateDebugAssets UP-TO-DATE
> Task :core:common:mergeDebugAssets UP-TO-DATE
> Task :core:common:mergeDebugJniLibFolders UP-TO-DATE
> Task :core:common:mergeDebugNativeLibs NO-SOURCE
> Task :core:common:copyDebugJniLibsProjectOnly UP-TO-DATE
> Task :presentation-widget:parseDebugLocalResources UP-TO-DATE
> Task :presentation-widget:checkKotlinGradlePluginConfigurationErrors SKIPPED
> Task :core:common:stripDebugDebugSymbols NO-SOURCE
> Task :presentation-widget:javaPreCompileDebug UP-TO-DATE
> Task :core:common:copyDebugJniLibsProjectAndLocalJars UP-TO-DATE
> Task :presentation-widget:mergeDebugShaders UP-TO-DATE
> Task :core:common:extractDeepLinksForAarDebug UP-TO-DATE
> Task :presentation-widget:compileDebugShaders NO-SOURCE
> Task :presentation-widget:generateDebugAssets UP-TO-DATE
> Task :core:common:prepareDebugArtProfile UP-TO-DATE
> Task :presentation-widget:mergeDebugAssets UP-TO-DATE
> Task :core:common:prepareLintJarForPublish UP-TO-DATE
> Task :presentation-widget:mergeDebugJniLibFolders UP-TO-DATE
> Task :presentation-widget:mergeDebugNativeLibs NO-SOURCE
> Task :presentation-widget:copyDebugJniLibsProjectOnly UP-TO-DATE
> Task :presentation-widget:stripDebugDebugSymbols NO-SOURCE
> Task :presentation-widget:copyDebugJniLibsProjectAndLocalJars UP-TO-DATE
> Task :i18n:parseDebugLocalResources UP-TO-DATE
> Task :presentation-widget:extractDeepLinksForAarDebug UP-TO-DATE
> Task :presentation-widget:prepareDebugArtProfile UP-TO-DATE
> Task :source-local:writeDebugAarMetadata UP-TO-DATE
> Task :presentation-widget:prepareLintJarForPublish UP-TO-DATE
> Task :source-local:extractDeepLinksDebug UP-TO-DATE
> Task :source-local:processDebugManifest UP-TO-DATE
> Task :source-local:compileDebugLibraryResources UP-TO-DATE
> Task :domain:writeDebugAarMetadata UP-TO-DATE
> Task :data:writeDebugAarMetadata UP-TO-DATE
> Task :data:extractDeepLinksDebug UP-TO-DATE
> Task :domain:extractDeepLinksDebug UP-TO-DATE
> Task :source-api:parseDebugLocalResources UP-TO-DATE
> Task :source-api:compileDebugLibraryResources UP-TO-DATE
> Task :data:processDebugManifest UP-TO-DATE
> Task :source-api:checkKotlinGradlePluginConfigurationErrors SKIPPED
> Task :data:compileDebugLibraryResources UP-TO-DATE
> Task :domain:processDebugManifest UP-TO-DATE
> Task :source-api:javaPreCompileDebug UP-TO-DATE
> Task :source-api:mergeDebugShaders UP-TO-DATE
> Task :source-api:compileDebugShaders NO-SOURCE
> Task :source-api:debugAssetsCopyForAGP NO-SOURCE
> Task :source-local:parseDebugLocalResources UP-TO-DATE
> Task :source-api:generateDebugAssets UP-TO-DATE
> Task :source-local:checkKotlinGradlePluginConfigurationErrors SKIPPED
> Task :i18n-aniyomi:parseDebugLocalResources UP-TO-DATE
> Task :source-api:mergeDebugAssets UP-TO-DATE
> Task :source-local:javaPreCompileDebug UP-TO-DATE
> Task :source-api:mergeDebugJniLibFolders UP-TO-DATE
> Task :source-local:mergeDebugShaders UP-TO-DATE
> Task :source-api:mergeDebugNativeLibs NO-SOURCE
> Task :source-local:compileDebugShaders NO-SOURCE
> Task :source-api:copyDebugJniLibsProjectOnly UP-TO-DATE
> Task :domain:parseDebugLocalResources UP-TO-DATE
> Task :source-local:debugAssetsCopyForAGP NO-SOURCE
> Task :data:parseDebugLocalResources UP-TO-DATE
> Task :source-api:stripDebugDebugSymbols NO-SOURCE
> Task :data:checkKotlinGradlePluginConfigurationErrors SKIPPED
> Task :source-local:generateDebugAssets UP-TO-DATE
> Task :domain:compileDebugLibraryResources UP-TO-DATE
> Task :domain:checkKotlinGradlePluginConfigurationErrors SKIPPED
> Task :source-api:copyDebugJniLibsProjectAndLocalJars UP-TO-DATE
> Task :source-local:mergeDebugAssets UP-TO-DATE
> Task :domain:javaPreCompileDebug UP-TO-DATE
> Task :source-local:mergeDebugJniLibFolders UP-TO-DATE
> Task :source-api:extractDeepLinksForAarDebug UP-TO-DATE
> Task :domain:mergeDebugShaders UP-TO-DATE
> Task :source-local:mergeDebugNativeLibs NO-SOURCE
> Task :domain:compileDebugShaders NO-SOURCE
> Task :source-local:copyDebugJniLibsProjectOnly UP-TO-DATE
> Task :source-api:prepareDebugArtProfile UP-TO-DATE
> Task :domain:generateDebugAssets UP-TO-DATE
> Task :source-local:stripDebugDebugSymbols NO-SOURCE
> Task :domain:mergeDebugAssets UP-TO-DATE
> Task :source-api:prepareLintJarForPublish UP-TO-DATE
> Task :source-local:copyDebugJniLibsProjectAndLocalJars UP-TO-DATE
> Task :domain:mergeDebugJniLibFolders UP-TO-DATE
> Task :domain:mergeDebugNativeLibs NO-SOURCE
> Task :source-local:extractDeepLinksForAarDebug UP-TO-DATE
> Task :domain:copyDebugJniLibsProjectOnly UP-TO-DATE
> Task :domain:stripDebugDebugSymbols NO-SOURCE
> Task :domain:copyDebugJniLibsProjectAndLocalJars UP-TO-DATE
> Task :source-local:prepareDebugArtProfile UP-TO-DATE
> Task :domain:extractDeepLinksForAarDebug UP-TO-DATE
> Task :domain:prepareDebugArtProfile UP-TO-DATE
> Task :source-local:prepareLintJarForPublish UP-TO-DATE
> Task :domain:prepareLintJarForPublish UP-TO-DATE
> Task :core:archive:generateDebugRFile UP-TO-DATE
> Task :core:archive:compileDebugLibraryResources UP-TO-DATE
> Task :core:archive:checkKotlinGradlePluginConfigurationErrors SKIPPED
> Task :data:generateDebugAnimeDatabaseInterface UP-TO-DATE
> Task :data:generateDebugDatabaseInterface UP-TO-DATE
> Task :data:javaPreCompileDebug UP-TO-DATE
> Task :data:mergeDebugShaders UP-TO-DATE
> Task :data:compileDebugShaders NO-SOURCE
> Task :data:generateDebugAssets UP-TO-DATE
> Task :data:mergeDebugAssets UP-TO-DATE
> Task :data:mergeDebugJniLibFolders UP-TO-DATE
> Task :data:mergeDebugNativeLibs NO-SOURCE
> Task :data:copyDebugJniLibsProjectOnly UP-TO-DATE
> Task :data:stripDebugDebugSymbols NO-SOURCE
> Task :data:copyDebugJniLibsProjectAndLocalJars UP-TO-DATE
> Task :data:extractDeepLinksForAarDebug UP-TO-DATE
> Task :data:prepareDebugArtProfile UP-TO-DATE
> Task :data:prepareLintJarForPublish UP-TO-DATE
> Task :i18n-aniyomi:generateDebugRFile UP-TO-DATE
> Task :i18n-aniyomi:checkKotlinGradlePluginConfigurationErrors SKIPPED
> Task :i18n:generateDebugRFile UP-TO-DATE
> Task :i18n:compileDebugLibraryResources UP-TO-DATE
> Task :i18n:checkKotlinGradlePluginConfigurationErrors SKIPPED
> Task :core:archive:compileDebugKotlin UP-TO-DATE
> Task :core:archive:javaPreCompileDebug UP-TO-DATE
> Task :core:archive:compileDebugJavaWithJavac NO-SOURCE
> Task :core:archive:bundleLibCompileToJarDebug UP-TO-DATE
> Task :core:archive:mergeDebugShaders UP-TO-DATE
> Task :core:archive:compileDebugShaders NO-SOURCE
> Task :core:archive:generateDebugAssets UP-TO-DATE
> Task :core:archive:mergeDebugAssets UP-TO-DATE
> Task :core:archive:bundleLibRuntimeToJarDebug UP-TO-DATE
> Task :core:archive:processDebugJavaRes UP-TO-DATE
> Task :core:archive:bundleLibRuntimeToDirDebug UP-TO-DATE
> Task :core:archive:mergeDebugJniLibFolders UP-TO-DATE
> Task :core:archive:mergeDebugNativeLibs NO-SOURCE
> Task :core:archive:copyDebugJniLibsProjectOnly UP-TO-DATE
> Task :core:archive:stripDebugDebugSymbols NO-SOURCE
> Task :core:archive:copyDebugJniLibsProjectAndLocalJars UP-TO-DATE
> Task :i18n:compileDebugKotlinAndroid UP-TO-DATE
> Task :i18n-aniyomi:compileDebugKotlinAndroid UP-TO-DATE
> Task :i18n-aniyomi:javaPreCompileDebug UP-TO-DATE
> Task :i18n:javaPreCompileDebug UP-TO-DATE
> Task :i18n-aniyomi:compileDebugJavaWithJavac NO-SOURCE
> Task :i18n:compileDebugJavaWithJavac NO-SOURCE
> Task :i18n-aniyomi:bundleLibCompileToJarDebug UP-TO-DATE
> Task :i18n:bundleLibCompileToJarDebug UP-TO-DATE
> Task :i18n-aniyomi:mergeDebugShaders UP-TO-DATE
> Task :i18n:mergeDebugShaders UP-TO-DATE
> Task :i18n-aniyomi:compileDebugShaders NO-SOURCE
> Task :i18n:compileDebugShaders NO-SOURCE
> Task :i18n-aniyomi:debugAssetsCopyForAGP NO-SOURCE
> Task :i18n:debugAssetsCopyForAGP NO-SOURCE
> Task :i18n:generateDebugAssets UP-TO-DATE
> Task :i18n-aniyomi:generateDebugAssets UP-TO-DATE
> Task :i18n-aniyomi:mergeDebugAssets UP-TO-DATE
> Task :i18n:mergeDebugAssets UP-TO-DATE
> Task :i18n-aniyomi:bundleLibRuntimeToJarDebug UP-TO-DATE
> Task :i18n:bundleLibRuntimeToJarDebug UP-TO-DATE
> Task :i18n:processDebugJavaRes UP-TO-DATE
> Task :i18n-aniyomi:processDebugJavaRes UP-TO-DATE
> Task :i18n:bundleLibRuntimeToDirDebug UP-TO-DATE
> Task :i18n-aniyomi:bundleLibRuntimeToDirDebug UP-TO-DATE
> Task :i18n:mergeDebugJniLibFolders UP-TO-DATE
> Task :i18n-aniyomi:mergeDebugJniLibFolders UP-TO-DATE
> Task :i18n:mergeDebugNativeLibs NO-SOURCE
> Task :i18n:copyDebugJniLibsProjectOnly UP-TO-DATE
> Task :i18n-aniyomi:mergeDebugNativeLibs NO-SOURCE
> Task :i18n-aniyomi:copyDebugJniLibsProjectOnly UP-TO-DATE
> Task :i18n:stripDebugDebugSymbols NO-SOURCE
> Task :i18n-aniyomi:stripDebugDebugSymbols NO-SOURCE
> Task :i18n:copyDebugJniLibsProjectAndLocalJars UP-TO-DATE
> Task :i18n-aniyomi:copyDebugJniLibsProjectAndLocalJars UP-TO-DATE
> Task :i18n-aniyomi:extractDebugAnnotations UP-TO-DATE
> Task :i18n:extractDebugAnnotations UP-TO-DATE
> Task :core:archive:extractDebugAnnotations UP-TO-DATE
> Task :core:archive:extractDeepLinksForAarDebug UP-TO-DATE
> Task :i18n-aniyomi:extractDeepLinksForAarDebug UP-TO-DATE
> Task :i18n:extractDeepLinksForAarDebug UP-TO-DATE
> Task :i18n-aniyomi:mergeDebugGeneratedProguardFiles UP-TO-DATE
> Task :core:archive:mergeDebugGeneratedProguardFiles UP-TO-DATE
> Task :i18n:mergeDebugGeneratedProguardFiles UP-TO-DATE
> Task :i18n-aniyomi:mergeDebugConsumerProguardFiles UP-TO-DATE
> Task :i18n:mergeDebugConsumerProguardFiles UP-TO-DATE
> Task :core:archive:mergeDebugConsumerProguardFiles UP-TO-DATE
> Task :i18n-aniyomi:prepareDebugArtProfile UP-TO-DATE
> Task :i18n:prepareDebugArtProfile UP-TO-DATE
> Task :core:archive:prepareDebugArtProfile UP-TO-DATE
> Task :i18n-aniyomi:prepareLintJarForPublish UP-TO-DATE
> Task :i18n:prepareLintJarForPublish UP-TO-DATE
> Task :core:archive:prepareLintJarForPublish UP-TO-DATE
> Task :i18n-aniyomi:mergeDebugJavaResource UP-TO-DATE
> Task :i18n:mergeDebugJavaResource UP-TO-DATE
> Task :core:archive:mergeDebugJavaResource UP-TO-DATE
> Task :i18n-aniyomi:syncDebugLibJars UP-TO-DATE
> Task :i18n:syncDebugLibJars UP-TO-DATE
> Task :core:archive:syncDebugLibJars UP-TO-DATE
> Task :i18n-aniyomi:bundleDebugAar UP-TO-DATE
> Task :i18n-aniyomi:assembleDebug UP-TO-DATE
> Task :i18n:bundleDebugAar UP-TO-DATE
> Task :i18n:assembleDebug UP-TO-DATE
> Task :core:archive:bundleDebugAar UP-TO-DATE
> Task :core:archive:assembleDebug UP-TO-DATE
> Task :core:common:generateDebugRFile UP-TO-DATE
> Task :source-api:generateDebugRFile UP-TO-DATE
> Task :core:common:compileDebugKotlin UP-TO-DATE
> Task :core:common:compileDebugJavaWithJavac NO-SOURCE
> Task :core:common:bundleLibCompileToJarDebug UP-TO-DATE
> Task :core:common:bundleLibRuntimeToJarDebug UP-TO-DATE
> Task :core:common:processDebugJavaRes UP-TO-DATE
> Task :core:common:bundleLibRuntimeToDirDebug UP-TO-DATE
> Task :core:common:extractDebugAnnotations UP-TO-DATE
> Task :core:common:mergeDebugGeneratedProguardFiles UP-TO-DATE
> Task :core:common:mergeDebugConsumerProguardFiles UP-TO-DATE
> Task :core:common:mergeDebugJavaResource UP-TO-DATE
> Task :core:common:syncDebugLibJars UP-TO-DATE
> Task :core-metadata:generateDebugRFile UP-TO-DATE
> Task :core:common:bundleDebugAar UP-TO-DATE
> Task :core:common:assembleDebug UP-TO-DATE
> Task :domain:generateDebugRFile UP-TO-DATE
> Task :presentation-core:generateDebugRFile UP-TO-DATE
> Task :app:dataBindingMergeDependencyArtifactsDebug UP-TO-DATE
> Task :app:generateDebugResValues UP-TO-DATE
> Task :app:generateDebugResources UP-TO-DATE
> Task :app:prepareDebugShortcutXML UP-TO-DATE
> Task :app:collectDependenciesDebug UP-TO-DATE
> Task :app:prepareLibraryDefinitionsDebug UP-TO-DATE
> Task :source-api:compileDebugKotlinAndroid UP-TO-DATE
> Task :source-api:compileDebugJavaWithJavac NO-SOURCE
> Task :source-api:bundleLibCompileToJarDebug UP-TO-DATE
> Task :source-api:bundleLibRuntimeToJarDebug UP-TO-DATE
> Task :source-api:processDebugJavaRes UP-TO-DATE
> Task :source-api:bundleLibRuntimeToDirDebug UP-TO-DATE
> Task :data:generateDebugRFile UP-TO-DATE
> Task :source-local:generateDebugRFile UP-TO-DATE
> Task :app:mergeDebugResources UP-TO-DATE
> Task :source-api:extractDebugAnnotations UP-TO-DATE
> Task :source-api:mergeDebugGeneratedProguardFiles UP-TO-DATE
> Task :source-api:mergeDebugConsumerProguardFiles UP-TO-DATE
> Task :source-api:mergeDebugJavaResource UP-TO-DATE
> Task :source-api:syncDebugLibJars UP-TO-DATE
> Task :source-api:bundleDebugAar UP-TO-DATE
> Task :source-api:assembleDebug UP-TO-DATE
> Task :app:dataBindingGenBaseClassesDebug UP-TO-DATE
> Task :presentation-core:compileDebugKotlin UP-TO-DATE
> Task :presentation-core:compileDebugJavaWithJavac NO-SOURCE
> Task :presentation-core:bundleLibCompileToJarDebug UP-TO-DATE
> Task :core-metadata:compileDebugKotlin UP-TO-DATE
> Task :presentation-core:bundleLibRuntimeToJarDebug UP-TO-DATE
> Task :core-metadata:compileDebugJavaWithJavac NO-SOURCE
> Task :core-metadata:bundleLibCompileToJarDebug UP-TO-DATE
> Task :core-metadata:bundleLibRuntimeToJarDebug UP-TO-DATE
> Task :presentation-core:processDebugJavaRes UP-TO-DATE
> Task :domain:compileDebugKotlin UP-TO-DATE
> Task :presentation-core:bundleLibRuntimeToDirDebug UP-TO-DATE
> Task :core-metadata:processDebugJavaRes UP-TO-DATE
> Task :core-metadata:bundleLibRuntimeToDirDebug UP-TO-DATE
> Task :domain:compileDebugJavaWithJavac NO-SOURCE
> Task :domain:bundleLibCompileToJarDebug UP-TO-DATE
> Task :domain:bundleLibRuntimeToJarDebug UP-TO-DATE
> Task :presentation-widget:generateDebugRFile UP-TO-DATE
> Task :domain:processDebugJavaRes UP-TO-DATE
> Task :domain:bundleLibRuntimeToDirDebug UP-TO-DATE
> Task :core-metadata:extractDebugAnnotations UP-TO-DATE
> Task :presentation-core:extractDebugAnnotations UP-TO-DATE
> Task :core-metadata:mergeDebugGeneratedProguardFiles UP-TO-DATE
> Task :presentation-core:mergeDebugGeneratedProguardFiles UP-TO-DATE
> Task :core-metadata:mergeDebugConsumerProguardFiles UP-TO-DATE
> Task :presentation-core:mergeDebugConsumerProguardFiles UP-TO-DATE
> Task :presentation-core:mergeDebugJavaResource UP-TO-DATE
> Task :core-metadata:mergeDebugJavaResource UP-TO-DATE
> Task :presentation-core:syncDebugLibJars UP-TO-DATE
> Task :core-metadata:syncDebugLibJars UP-TO-DATE
> Task :core-metadata:bundleDebugAar UP-TO-DATE
> Task :presentation-core:bundleDebugAar UP-TO-DATE
> Task :presentation-core:assembleDebug UP-TO-DATE
> Task :core-metadata:assembleDebug UP-TO-DATE
> Task :domain:extractDebugAnnotations UP-TO-DATE
> Task :domain:mergeDebugGeneratedProguardFiles UP-TO-DATE
> Task :domain:mergeDebugConsumerProguardFiles UP-TO-DATE
> Task :domain:mergeDebugJavaResource UP-TO-DATE
> Task :domain:syncDebugLibJars UP-TO-DATE
> Task :domain:bundleDebugAar UP-TO-DATE
> Task :domain:assembleDebug UP-TO-DATE
> Task :app:generateDebugBuildConfig
> Task :source-local:compileDebugKotlinAndroid UP-TO-DATE
> Task :data:compileDebugKotlin UP-TO-DATE
> Task :presentation-widget:compileDebugKotlin UP-TO-DATE
> Task :source-local:compileDebugJavaWithJavac NO-SOURCE
> Task :data:compileDebugJavaWithJavac NO-SOURCE
> Task :source-local:bundleLibCompileToJarDebug UP-TO-DATE
> Task :presentation-widget:compileDebugJavaWithJavac NO-SOURCE
> Task :data:bundleLibCompileToJarDebug UP-TO-DATE
> Task :source-local:bundleLibRuntimeToJarDebug UP-TO-DATE
> Task :presentation-widget:bundleLibCompileToJarDebug UP-TO-DATE
> Task :data:bundleLibRuntimeToJarDebug UP-TO-DATE
> Task :presentation-widget:bundleLibRuntimeToJarDebug UP-TO-DATE
> Task :presentation-widget:processDebugJavaRes UP-TO-DATE
> Task :source-local:processDebugJavaRes UP-TO-DATE
> Task :presentation-widget:bundleLibRuntimeToDirDebug UP-TO-DATE
> Task :source-local:bundleLibRuntimeToDirDebug UP-TO-DATE
> Task :data:processDebugJavaRes UP-TO-DATE
> Task :data:bundleLibRuntimeToDirDebug UP-TO-DATE
> Task :data:extractDebugAnnotations UP-TO-DATE
> Task :source-local:extractDebugAnnotations UP-TO-DATE
> Task :presentation-widget:extractDebugAnnotations UP-TO-DATE
> Task :presentation-widget:mergeDebugGeneratedProguardFiles UP-TO-DATE
> Task :data:mergeDebugGeneratedProguardFiles UP-TO-DATE
> Task :source-local:mergeDebugGeneratedProguardFiles UP-TO-DATE
> Task :data:mergeDebugConsumerProguardFiles UP-TO-DATE
> Task :presentation-widget:mergeDebugConsumerProguardFiles UP-TO-DATE
> Task :source-local:mergeDebugConsumerProguardFiles UP-TO-DATE
> Task :source-local:mergeDebugJavaResource UP-TO-DATE
> Task :data:mergeDebugJavaResource UP-TO-DATE
> Task :presentation-widget:mergeDebugJavaResource UP-TO-DATE
> Task :presentation-widget:syncDebugLibJars UP-TO-DATE
> Task :data:syncDebugLibJars UP-TO-DATE
> Task :source-local:syncDebugLibJars UP-TO-DATE
> Task :data:bundleDebugAar UP-TO-DATE
> Task :source-local:bundleDebugAar UP-TO-DATE
> Task :presentation-widget:bundleDebugAar UP-TO-DATE
> Task :source-local:assembleDebug UP-TO-DATE
> Task :presentation-widget:assembleDebug UP-TO-DATE
> Task :data:assembleDebug UP-TO-DATE
> Task :app:checkDebugAarMetadata UP-TO-DATE
> Task :app:mapDebugSourceSetPaths UP-TO-DATE
> Task :app:createDebugCompatibleScreenManifests UP-TO-DATE
> Task :app:extractDeepLinksDebug UP-TO-DATE
> Task :app:processDebugMainManifest UP-TO-DATE
> Task :app:processDebugManifest UP-TO-DATE
> Task :app:processDebugManifestForPackage UP-TO-DATE
> Task :app:processDebugResources UP-TO-DATE
> Task :app:javaPreCompileDebug UP-TO-DATE
> Task :app:generateDebugAssets UP-TO-DATE
> Task :app:mergeDebugAssets UP-TO-DATE
> Task :app:compressDebugAssets UP-TO-DATE
> Task :app:l8DexDesugarLibDebug UP-TO-DATE
> Task :app:desugarDebugFileDependencies UP-TO-DATE
> Task :app:checkDebugDuplicateClasses UP-TO-DATE
> Task :app:mergeExtDexDebug UP-TO-DATE
> Task :app:mergeLibDexDebug UP-TO-DATE
> Task :app:mergeDebugJniLibFolders UP-TO-DATE
> Task :app:mergeDebugNativeLibs UP-TO-DATE
> Task :app:stripDebugDebugSymbols UP-TO-DATE
> Task :app:validateSigningDebug UP-TO-DATE
> Task :app:writeDebugAppMetadata UP-TO-DATE
> Task :app:writeDebugSigningConfigVersions UP-TO-DATE

> Task :app:compileDebugKotlin FAILED
./gradlew : e: file:///D:/lnreader/ANIYOMI(ALL)/aniyomi/app/src/main/
java/eu/kanade/presentation/entries/manga/MangaScreen.kt:177:33 Unres
olved reference 'onSettingsClicked'.
строка:1 знак:1
+ ./gradlew assembleDebug > build_output.txt 2>&1
+ ~~~~~~~~~~~~~~~~~~~~~~~~~~~~~~~~~~~~~~~~~~~~~~~
    + CategoryInfo          : NotSpecified: (e: file:///D:/l...tting 
   sClicked'.:String) [], RemoteException
    + FullyQualifiedErrorId : NativeCommandError
 

FAILURE: Build failed with an exception.

* What went wrong:
Execution failed for task ':app:compileDebugKotlin'.
> A failure occurred while executing org.jetbrains.kotlin.compilerRun
ner.GradleCompilerRunnerWithWorkers$GradleKotlinCompilerWorkAction
   > Compilation error. See log for more details

* Try:
> Run with --stacktrace option to get the stack trace.
> Run with --info or --debug option to get more log output.
> Run with --scan to get full insights.
> Get more help at https://help.gradle.org.

BUILD FAILED in 10s
372 actionable tasks: 2 executed, 370 up-to-date
